// Jest Snapshot v1, https://goo.gl/fbAQLP

exports[`Quote link extension - plugin should parse markup with quote link to token stream 1`] = `
[
  Token {
    "attrs": [
      [
        "class",
        "yfm-quote-link",
      ],
    ],
    "block": true,
    "children": null,
    "content": "",
    "hidden": false,
    "info": "",
    "level": 0,
    "map": [
      0,
      3,
    ],
    "markup": ">",
    "meta": null,
    "nesting": 1,
    "tag": "blockquote",
    "type": "yfm_quote-link_open",
  },
  Token {
    "attrs": null,
    "block": true,
    "children": null,
    "content": "",
    "hidden": false,
    "info": "",
    "level": 1,
    "map": [
      0,
      1,
    ],
    "markup": "",
    "meta": null,
    "nesting": 1,
    "tag": "p",
    "type": "paragraph_open",
  },
  Token {
    "attrs": null,
    "block": true,
    "children": [
      Token {
        "attrs": [
          [
            "href",
            "https://ya.ru",
          ],
          [
            "data-quotelink",
            "true",
          ],
        ],
        "block": false,
        "children": null,
        "content": "",
        "hidden": false,
        "info": "",
        "level": 0,
        "map": null,
        "markup": "",
        "meta": null,
        "nesting": 1,
        "tag": "a",
        "type": "link_open",
      },
      Token {
        "attrs": null,
        "block": false,
        "children": null,
        "content": "Quote link",
        "hidden": false,
        "info": "",
        "level": 1,
        "map": null,
        "markup": "",
        "meta": null,
        "nesting": 0,
        "tag": "",
        "type": "text",
      },
      Token {
        "attrs": null,
        "block": false,
        "children": null,
        "content": "",
        "hidden": false,
        "info": "",
        "level": 0,
        "map": null,
        "markup": "",
        "meta": null,
        "nesting": -1,
        "tag": "a",
        "type": "link_close",
      },
      Token {
        "attrs": null,
        "block": false,
        "children": null,
        "content": " content after qoute link",
        "hidden": false,
        "info": "",
        "level": 0,
        "map": null,
        "markup": "",
        "meta": null,
        "nesting": 0,
        "tag": "",
        "type": "text",
      },
    ],
    "content": "[Quote link](https://ya.ru){data-quotelink="true"} content after qoute link",
    "hidden": false,
    "info": "",
    "level": 2,
    "map": [
      0,
      1,
    ],
    "markup": "",
    "meta": null,
    "nesting": 0,
    "tag": "",
    "type": "inline",
  },
  Token {
    "attrs": null,
    "block": true,
    "children": null,
    "content": "",
    "hidden": false,
    "info": "",
    "level": 1,
    "map": null,
    "markup": "",
    "meta": null,
    "nesting": -1,
    "tag": "p",
    "type": "paragraph_close",
  },
  Token {
    "attrs": null,
    "block": true,
    "children": null,
    "content": "",
    "hidden": false,
    "info": "",
    "level": 1,
    "map": [
      2,
      3,
    ],
    "markup": "",
    "meta": null,
    "nesting": 1,
    "tag": "p",
    "type": "paragraph_open",
  },
  Token {
    "attrs": null,
    "block": true,
    "children": [
      Token {
        "attrs": null,
        "block": false,
        "children": null,
        "content": "quote link text",
        "hidden": false,
        "info": "",
        "level": 0,
        "map": null,
        "markup": "",
        "meta": null,
        "nesting": 0,
        "tag": "",
        "type": "text",
      },
    ],
    "content": "quote link text",
    "hidden": false,
    "info": "",
    "level": 2,
    "map": [
      2,
      3,
    ],
    "markup": "",
    "meta": null,
    "nesting": 0,
    "tag": "",
    "type": "inline",
  },
  Token {
    "attrs": null,
    "block": true,
    "children": null,
    "content": "",
    "hidden": false,
    "info": "",
    "level": 1,
    "map": null,
    "markup": "",
    "meta": null,
    "nesting": -1,
    "tag": "p",
    "type": "paragraph_close",
  },
  Token {
    "attrs": null,
    "block": true,
    "children": null,
    "content": "",
    "hidden": false,
    "info": "",
    "level": 0,
    "map": null,
    "markup": ">",
    "meta": null,
    "nesting": -1,
    "tag": "blockquote",
    "type": "yfm_quote-link_close",
  },
]
`;
